../Core/Src/main.c:120:5:main	8	static
../Core/Src/main.c:189:6:SystemClock_Config	96	static
../Core/Src/main.c:239:13:MX_ADC1_Init	48	static
../Core/Src/main.c:306:13:MX_DAC1_Init	48	static
../Core/Src/main.c:356:13:MX_TIM2_Init	40	static
../Core/Src/main.c:401:13:MX_TIM3_Init	64	static
../Core/Src/main.c:459:13:MX_TIM5_Init	40	static
../Core/Src/main.c:504:13:MX_USART2_UART_Init	8	static
../Core/Src/main.c:537:13:MX_DMA_Init	16	static
../Core/Src/main.c:558:13:MX_GPIO_Init	48	static
../Core/Src/main.c:584:6:Error_Handler	4	static,ignoring_inline_asm
