../Core/Src/main.c:144:5:main	8	static
../Core/Src/main.c:245:6:SystemClock_Config	96	static
../Core/Src/main.c:295:13:MX_RNG_Init	8	static
../Core/Src/main.c:321:13:MX_TIM2_Init	64	static
../Core/Src/main.c:381:13:MX_TIM3_Init	64	static
../Core/Src/main.c:441:13:MX_TIM5_Init	40	static
../Core/Src/main.c:486:13:MX_USART2_UART_Init	8	static
../Core/Src/main.c:521:13:MX_GPIO_Init	48	static
../Core/Src/main.c:589:6:StartDefaultTask	16	static
../Core/Src/main.c:608:6:HAL_TIM_PeriodElapsedCallback	16	static
../Core/Src/main.c:625:6:Error_Handler	4	static,ignoring_inline_asm
