../Core/Src/main.c:87:6:setup	8	static
../Core/Src/main.c:118:6:update_leds	16	static
../Core/Src/main.c:142:6:update_servo	24	static
../Core/Src/main.c:197:6:perform_recipe	24	static
../Core/Src/main.c:282:5:main	8	static
../Core/Src/main.c:345:6:SystemClock_Config	96	static
../Core/Src/main.c:395:13:MX_TIM2_Init	64	static
../Core/Src/main.c:455:13:MX_TIM3_Init	64	static
../Core/Src/main.c:515:13:MX_TIM4_Init	40	static
../Core/Src/main.c:560:13:MX_USART2_UART_Init	8	static
../Core/Src/main.c:595:13:MX_GPIO_Init	48	static
../Core/Src/main.c:641:6:Error_Handler	4	static,ignoring_inline_asm
