../Core/Src/main.c:101:7:power_on_self_test	24	static
../Core/Src/main.c:125:5:set_timer_base	56	static
../Core/Src/main.c:140:6:get_line	32	static
../Core/Src/main.c:155:6:get_pulses	24	static
../Core/Src/main.c:182:6:add_to_bucket	24	static
../Core/Src/main.c:191:6:print_buckets	56	static
../Core/Src/main.c:205:6:print	24	static
../Core/Src/main.c:218:5:main	8	static
../Core/Src/main.c:279:6:SystemClock_Config	96	static
../Core/Src/main.c:329:13:MX_TIM2_Init	56	static
../Core/Src/main.c:388:13:MX_USART2_UART_Init	8	static
../Core/Src/main.c:423:13:MX_GPIO_Init	48	static
../Core/Src/main.c:459:6:Error_Handler	4	static,ignoring_inline_asm
