../Core/Src/main.c:141:5:main	8	static
../Core/Src/main.c:270:6:SystemClock_Config	96	static
../Core/Src/main.c:320:13:MX_RNG_Init	8	static
../Core/Src/main.c:346:13:MX_TIM2_Init	40	static
../Core/Src/main.c:391:13:MX_USART2_UART_Init	8	static
../Core/Src/main.c:426:13:MX_GPIO_Init	48	static
../Core/Src/main.c:478:6:vApplicationIdleHook	4	static
../Core/Src/main.c:491:6:StartDefaultTask	16	static
../Core/Src/main.c:510:6:HAL_TIM_PeriodElapsedCallback	16	static
../Core/Src/main.c:527:6:Error_Handler	4	static,ignoring_inline_asm
