17:08:52 **** Incremental Build of configuration Debug for project Project06 ****
make -j8 all 
arm-none-eabi-gcc "../Core/Src/ADC.c" -mcpu=cortex-m4 -std=gnu11 -g3 -DDEBUG -DUSE_HAL_DRIVER -DSTM32L476xx -c -I../Core/Inc -I../Drivers/STM32L4xx_HAL_Driver/Inc -I../Drivers/STM32L4xx_HAL_Driver/Inc/Legacy -I../Drivers/CMSIS/Device/ST/STM32L4xx/Include -I../Drivers/CMSIS/Include -O0 -ffunction-sections -fdata-sections -Wall -fstack-usage -MMD -MP -MF"Core/Src/ADC.d" -MT"Core/Src/ADC.o" --specs=nano.specs -mfpu=fpv4-sp-d16 -mfloat-abi=hard -mthumb -o "Core/Src/ADC.o"
arm-none-eabi-gcc "../Core/Src/main.c" -mcpu=cortex-m4 -std=gnu11 -g3 -DDEBUG -DUSE_HAL_DRIVER -DSTM32L476xx -c -I../Core/Inc -I../Drivers/STM32L4xx_HAL_Driver/Inc -I../Drivers/STM32L4xx_HAL_Driver/Inc/Legacy -I../Drivers/CMSIS/Device/ST/STM32L4xx/Include -I../Drivers/CMSIS/Include -O0 -ffunction-sections -fdata-sections -Wall -fstack-usage -MMD -MP -MF"Core/Src/main.d" -MT"Core/Src/main.o" --specs=nano.specs -mfpu=fpv4-sp-d16 -mfloat-abi=hard -mthumb -o "Core/Src/main.o"
In file included from ../Core/Inc/ADC.h:8,
                 from ../Core/Src/ADC.c:8:
../Core/Inc/DAC.h:47:17: warning: 'ekg' defined but not used [-Wunused-variable]
   47 | static uint32_t ekg[] = {
      |                 ^~~
arm-none-eabi-gcc -o "Project06.elf" @"objects.list"   -mcpu=cortex-m4 -T"C:\Users\liams\Documents\Real Time and Embedded Systems\Project06\STM32L476RGTX_FLASH.ld" --specs=nosys.specs -Wl,-Map="Project06.map" -Wl,--gc-sections -static --specs=nano.specs -mfpu=fpv4-sp-d16 -mfloat-abi=hard -mthumb -Wl,--start-group -lc -lm -Wl,--end-group
Finished building target: Project06.elf
 
arm-none-eabi-size   Project06.elf 
arm-none-eabi-objdump -h -S  Project06.elf  > "Project06.list"
   text	   data	    bss	    dec	    hex	filename
  44244	   1252	  68772	 114268	  1be5c	Project06.elf
Finished building: default.size.stdout
 
Finished building: Project06.list
 

17:08:54 Build Finished. 0 errors, 1 warnings. (took 2s.670ms)

