17:30:51 **** Incremental Build of configuration Debug for project Project02 ****
make -j8 all 
arm-none-eabi-gcc "../Core/Src/main.c" -mcpu=cortex-m4 -std=gnu11 -g3 -DDEBUG -DUSE_HAL_DRIVER -DSTM32L476xx -c -I../Core/Inc -I../Drivers/STM32L4xx_HAL_Driver/Inc -I../Drivers/STM32L4xx_HAL_Driver/Inc/Legacy -I../Drivers/CMSIS/Device/ST/STM32L4xx/Include -I../Drivers/CMSIS/Include -O0 -ffunction-sections -fdata-sections -Wall -fstack-usage -MMD -MP -MF"Core/Src/main.d" -MT"Core/Src/main.o" --specs=nano.specs -mfpu=fpv4-sp-d16 -mfloat-abi=hard -mthumb -o "Core/Src/main.o"
In file included from ../Core/Inc/utils.h:12,
                 from ../Core/Src/main.c:24:
../Core/Inc/uart.h:9: warning: "GPIO_SPEED_FREQ_VERY_HIGH" redefined
    9 | #define GPIO_SPEED_FREQ_VERY_HIGH   (0x00000003u) /*!< range 50 MHz to 80 MHz, please refer to the product datasheet */
      | 
In file included from ../Core/Inc/stm32l4xx_hal_conf.h:262,
                 from ../Drivers/STM32L4xx_HAL_Driver/Inc/stm32l4xx_hal.h:29,
                 from ../Core/Inc/main.h:30,
                 from ../Core/Src/main.c:20:
../Drivers/STM32L4xx_HAL_Driver/Inc/stm32l4xx_hal_gpio.h:139: note: this is the location of the previous definition
  139 | #define GPIO_SPEED_FREQ_VERY_HIGH       0x00000003u  /*!< Very high speed */
      | 
In file included from ../Core/Inc/utils.h:12,
                 from ../Core/Src/main.c:24:
../Core/Inc/uart.h:11: warning: "GPIO_MODE_AF_PP" redefined
   11 | #define GPIO_MODE_AF_PP             (0x00000002u)   /*!< Alternate Function Push Pull Mode     */
      | 
In file included from ../Core/Inc/stm32l4xx_hal_conf.h:262,
                 from ../Drivers/STM32L4xx_HAL_Driver/Inc/stm32l4xx_hal.h:29,
                 from ../Core/Inc/main.h:30,
                 from ../Core/Src/main.c:20:
../Drivers/STM32L4xx_HAL_Driver/Inc/stm32l4xx_hal_gpio.h:118: note: this is the location of the previous definition
  118 | #define GPIO_MODE_AF_PP                 (MODE_AF | OUTPUT_PP)                                       /*!< Alternate Function Push Pull Mode                                  */
      | 
../Core/Src/main.c: In function 'setup':
../Core/Src/main.c:115:25: warning: pointer targets in passing argument 2 of 'USART_Write' differ in signedness [-Wpointer-sign]
  115 |     USART_Write(USART2, prompt, 202);
      |                         ^~~~~~
      |                         |
      |                         char *
In file included from ../Core/Inc/utils.h:12,
                 from ../Core/Src/main.c:24:
../Core/Inc/uart.h:22:51: note: expected 'uint8_t *' {aka 'unsigned char *'} but argument is of type 'char *'
   22 | void USART_Write(USART_TypeDef * USARTx, uint8_t *buffer, uint32_t nBytes);
      |                                          ~~~~~~~~~^~~~~~
../Core/Src/main.c: In function 'update_servo':
../Core/Src/main.c:160:6: warning: implicit declaration of function 'perform_recipe' [-Wimplicit-function-declaration]
  160 |      perform_recipe(profile, TIMx);
      |      ^~~~~~~~~~~~~~
../Core/Src/main.c: At top level:
../Core/Src/main.c:197:6: warning: conflicting types for 'perform_recipe'
  197 | void perform_recipe(struct servo_profile_t *profile, TIM_TypeDef *TIMx) {
      |      ^~~~~~~~~~~~~~
../Core/Src/main.c:160:6: note: previous implicit declaration of 'perform_recipe' was here
  160 |      perform_recipe(profile, TIMx);
      |      ^~~~~~~~~~~~~~
../Core/Src/main.c:52:13: warning: 'read_char' defined but not used [-Wunused-variable]
   52 | static char read_char;
      |             ^~~~~~~~~
arm-none-eabi-gcc -o "Project02.elf" @"objects.list"   -mcpu=cortex-m4 -T"C:\Users\liams\Documents\Real Time and Embedded Systems\Project02\STM32L476RGTX_FLASH.ld" --specs=nosys.specs -Wl,-Map="Project02.map" -Wl,--gc-sections -static --specs=nano.specs -mfpu=fpv4-sp-d16 -mfloat-abi=hard -mthumb -Wl,--start-group -lc -lm -Wl,--end-group
Finished building target: Project02.elf
 
arm-none-eabi-size   Project02.elf 
arm-none-eabi-objdump -h -S  Project02.elf  > "Project02.list"
   text	   data	    bss	    dec	    hex	filename
  19816	     56	   1984	  21856	   5560	Project02.elf
Finished building: default.size.stdout
 
Finished building: Project02.list
 

17:30:52 Build Finished. 0 errors, 6 warnings. (took 1s.732ms)

